▲ Next.js 16.4.0 (Turbopack)
✓ Running next.config.ts took 108ms

  Creating an optimized production build ...

> Build error occurred
Error: Turbopack build failed with 1 error:
./app/plain2/[slug]/index.html/route.ts:3:1
Error: You're importing a component that imports react-dom/server. To fix it, render or return the content directly as a Server Component instead for perf and security.
    Learn more: https://nextjs.org/docs/app/building-your-application/rendering
  [90m1 |[0m [90m// 追加实验 P2：Route Handler 里用 react-dom/server 复用共享布局组件[0m
  [90m2 |[0m [36mimport[0m { createElement } [36mfrom[0m [32m"react"[0m;
[31m[1m>[0m [90m3 |[0m [36mimport[0m { renderToStaticMarkup } [36mfrom[0m [32m"react-dom/server"[0m;
  [90m  |[0m [31m[1m^^^^^^^^^^^^^^^^^^^^^^^^^^^^^^^^^^^^^^^^^^^^^^^^^^^^^^^^[0m
  [90m4 |[0m [36mimport[0m { [33mSiteFrame[0m } [36mfrom[0m [32m"@/components/site-frame"[0m;
  [90m5 |[0m [36mimport[0m { getAllEssays, getEssay, readEssayHtml } [36mfrom[0m [32m"@/lib/exp-content"[0m;
  [90m6 |[0m

Ecmascript file had an error


    at ignore-listed frames
real 2.60
user 6.27
sys 0.72
exit=1
