▲ Next.js 16.4.0 (Turbopack)
✓ Running next.config.ts took 15ms

  Creating an optimized production build ...
✓ Compiled successfully in 1398ms
  Running TypeScript ...
  Finished TypeScript in 1018ms ...
  Collecting page data using 9 workers ...
  Generating static pages using 9 workers (0/1061) ...
  Generating static pages using 9 workers (265/1061) 
  Generating static pages using 9 workers (530/1061) 
  Generating static pages using 9 workers (795/1061) 
✓ Generating static pages using 9 workers (1061/1061) in 3.3s
  Finalizing page optimization ...

Route (app)
┌ ○ /
├ ○ /_not-found
├ ○ /about
├ ○ /essays
├   /essays/[slug]
│ ├ ● /essays/essay-00141
│ ├ ● /essays/essay-00732
│ ├ ● /essays/essay-00938
│ └ ● [+997 more paths]
├ ○ /essays/all
├ ○ /essays/categories
├   /essays/page/[n]
│ ├ ● /essays/page/1
│ ├ ● /essays/page/2
│ ├ ● /essays/page/3
│ └ ● [+47 more paths]
├ ○ /essays/preview
├ ○ /essays/tags
├ ○ /works
└ ○ /works/preview


○  (Static)  prerendered as static content
●  (SSG)     prerendered as static HTML (uses generateStaticParams)

